// Jest Snapshot v1, https://goo.gl/fbAQLP

exports[`Snapshot Snpashot app 1`] = `
<div>
  <div
    class="App"
  >
    <h1>
      Ol√°, mundo!
    </h1>
  </div>
</div>
`;
